// Jest Snapshot v1, https://goo.gl/fbAQLP

exports[`Flash matches the snapshot 1`] = `
<div
  className="flash"
/>
`;
