// Jest Snapshot v1, https://goo.gl/fbAQLP

exports[`Message matches the snapshot 1`] = `null`;
