// Jest Snapshot v1, https://goo.gl/fbAQLP

exports[`Password matches the snapshot 1`] = `
<form
  className={undefined}
  onSubmit={[Function]}
>
  <div
    className="messages"
  >
    <div
      className="flash"
    />
  </div>
  <div>
    <label />
    <div>
      <input
        name="password"
        onBlur={[Function]}
        onChange={[Function]}
        onDragStart={[Function]}
        onDrop={[Function]}
        onFocus={[Function]}
        placeholder="Password"
        type="password"
        value=""
      />
    </div>
  </div>
</form>
`;
